Reusing configuration cache.
> Task :app:checkKotlinGradlePluginConfigurationErrors SKIPPED
> Task :app:preBuild UP-TO-DATE
> Task :app:preDebugBuild UP-TO-DATE
> Task :feature:session:preBuild UP-TO-DATE
> Task :feature:session:preDebugBuild UP-TO-DATE
> Task :feature:settings:preBuild UP-TO-DATE
> Task :feature:settings:preDebugBuild UP-TO-DATE
> Task :feature:draw:preBuild UP-TO-DATE
> Task :feature:deck:preBuild UP-TO-DATE
> Task :feature:draw:preDebugBuild UP-TO-DATE
> Task :feature:deck:preDebugBuild UP-TO-DATE
> Task :core:ui:preBuild UP-TO-DATE
> Task :core:ui:preDebugBuild UP-TO-DATE
> Task :feature:import:preBuild UP-TO-DATE
> Task :core:domain:preBuild UP-TO-DATE
> Task :feature:import:preDebugBuild UP-TO-DATE
> Task :core:model:preBuild UP-TO-DATE
> Task :core:domain:preDebugBuild UP-TO-DATE
> Task :core:model:preDebugBuild UP-TO-DATE
> Task :core:data:preBuild UP-TO-DATE
> Task :core:data:preDebugBuild UP-TO-DATE
> Task :feature:library:preBuild UP-TO-DATE
> Task :feature:library:preDebugBuild UP-TO-DATE
> Task :feature:tables:preBuild UP-TO-DATE
> Task :feature:tables:preDebugBuild UP-TO-DATE
> Task :feature:settings:writeDebugAarMetadata UP-TO-DATE
> Task :feature:import:writeDebugAarMetadata UP-TO-DATE
> Task :core:domain:writeDebugAarMetadata UP-TO-DATE
> Task :core:ui:writeDebugAarMetadata UP-TO-DATE
> Task :core:domain:processDebugNavigationResources UP-TO-DATE
> Task :core:model:processDebugNavigationResources
> Task :feature:deck:writeDebugAarMetadata
> Task :core:data:writeDebugAarMetadata
> Task :core:model:writeDebugAarMetadata
> Task :feature:import:processDebugNavigationResources UP-TO-DATE
> Task :feature:deck:processDebugNavigationResources
> Task :feature:draw:writeDebugAarMetadata
> Task :feature:session:writeDebugAarMetadata
> Task :feature:session:processDebugNavigationResources
> Task :feature:library:processDebugNavigationResources
> Task :core:domain:generateDebugResValues UP-TO-DATE
> Task :feature:settings:processDebugNavigationResources UP-TO-DATE
> Task :core:ui:generateDebugResValues UP-TO-DATE
> Task :core:ui:processDebugNavigationResources UP-TO-DATE
> Task :core:domain:generateDebugResources UP-TO-DATE
> Task :core:model:generateDebugResValues
> Task :feature:draw:processDebugNavigationResources
> Task :core:data:generateDebugResValues
> Task :feature:import:generateDebugResValues UP-TO-DATE
> Task :core:ui:generateDebugResources UP-TO-DATE
> Task :app:generateDebugResValues
> Task :feature:deck:generateDebugResValues
> Task :feature:import:generateDebugResources UP-TO-DATE
> Task :feature:tables:processDebugNavigationResources
> Task :core:data:processDebugNavigationResources
> Task :feature:library:generateDebugResValues
> Task :feature:library:writeDebugAarMetadata
> Task :feature:session:generateDebugResValues
> Task :core:domain:packageDebugResources UP-TO-DATE
> Task :feature:import:packageDebugResources UP-TO-DATE
> Task :core:model:generateDebugResources
> Task :core:data:generateDebugResources
> Task :feature:settings:generateDebugResValues UP-TO-DATE
> Task :feature:tables:generateDebugResValues
> Task :feature:draw:generateDebugResValues
> Task :feature:settings:generateDebugResources UP-TO-DATE
> Task :feature:tables:writeDebugAarMetadata
> Task :feature:library:generateDebugResources
> Task :feature:session:generateDebugResources
> Task :feature:deck:generateDebugResources
> Task :feature:tables:generateDebugResources
> Task :core:model:packageDebugResources
> Task :core:ui:packageDebugResources
> Task :app:createDebugCompatibleScreenManifests
> Task :app:generateDebugResources
> Task :app:extractDeepLinksDebug
> Task :core:data:extractDeepLinksDebug
> Task :feature:session:packageDebugResources
> Task :core:domain:extractDeepLinksDebug
> Task :core:data:packageDebugResources
> Task :core:model:extractDeepLinksDebug
> Task :feature:tables:packageDebugResources
> Task :feature:deck:packageDebugResources
> Task :feature:library:packageDebugResources
> Task :core:data:processDebugManifest
> Task :core:ui:extractDeepLinksDebug
> Task :feature:deck:extractDeepLinksDebug
> Task :feature:draw:extractDeepLinksDebug
> Task :app:checkDebugAarMetadata UP-TO-DATE
> Task :feature:import:extractDeepLinksDebug
> Task :feature:draw:generateDebugResources
> Task :core:model:processDebugManifest
> Task :feature:import:processDebugManifest
> Task :feature:session:extractDeepLinksDebug
> Task :app:processDebugNavigationResources
> Task :feature:library:extractDeepLinksDebug
> Task :app:packageDebugResources
> Task :feature:settings:extractDeepLinksDebug
> Task :app:compileDebugNavigationResources
> Task :core:domain:processDebugManifest
> Task :feature:draw:processDebugManifest
> Task :feature:settings:packageDebugResources
> Task :feature:deck:processDebugManifest
> Task :core:data:compileDebugLibraryResources
> Task :core:model:compileDebugLibraryResources
> Task :core:ui:processDebugManifest
> Task :core:ui:compileDebugLibraryResources
> Task :core:data:parseDebugLocalResources
> Task :feature:tables:processDebugManifest
> Task :feature:deck:compileDebugLibraryResources
> Task :feature:library:processDebugManifest
> Task :core:data:generateDebugRFile
> Task :feature:import:compileDebugLibraryResources
> Task :feature:library:compileDebugLibraryResources
> Task :core:ui:parseDebugLocalResources
> Task :feature:import:parseDebugLocalResources
> Task :feature:library:parseDebugLocalResources
> Task :core:ui:generateDebugRFile
> Task :core:domain:compileDebugLibraryResources
> Task :feature:session:compileDebugLibraryResources
> Task :feature:settings:compileDebugLibraryResources
> Task :feature:import:generateDebugRFile
> Task :feature:tables:compileDebugLibraryResources
> Task :feature:settings:parseDebugLocalResources
> Task :feature:library:generateDebugRFile
> Task :core:data:checkKotlinGradlePluginConfigurationErrors SKIPPED
> Task :core:domain:checkKotlinGradlePluginConfigurationErrors SKIPPED
> Task :core:model:checkKotlinGradlePluginConfigurationErrors SKIPPED
> Task :feature:tables:parseDebugLocalResources
> Task :core:model:javaPreCompileDebug
> Task :feature:settings:generateDebugRFile
> Task :core:domain:javaPreCompileDebug
> Task :core:ui:checkKotlinGradlePluginConfigurationErrors SKIPPED
> Task :feature:deck:parseDebugLocalResources
> Task :core:domain:parseDebugLocalResources
> Task :core:ui:javaPreCompileDebug
> Task :feature:deck:checkKotlinGradlePluginConfigurationErrors SKIPPED
> Task :feature:deck:generateDebugRFile
> Task :feature:draw:checkKotlinGradlePluginConfigurationErrors SKIPPED
> Task :feature:tables:checkKotlinGradlePluginConfigurationErrors SKIPPED
> Task :feature:tables:generateDebugRFile
> Task :feature:tables:javaPreCompileDebug
> Task :feature:import:checkKotlinGradlePluginConfigurationErrors SKIPPED
> Task :feature:tables:extractDeepLinksDebug
> Task :feature:library:checkKotlinGradlePluginConfigurationErrors SKIPPED
> Task :core:model:parseDebugLocalResources
> Task :core:domain:generateDebugRFile
> Task :feature:deck:javaPreCompileDebug
> Task :feature:session:checkKotlinGradlePluginConfigurationErrors SKIPPED
> Task :feature:session:processDebugManifest
> Task :feature:settings:checkKotlinGradlePluginConfigurationErrors SKIPPED
> Task :feature:draw:packageDebugResources
> Task :feature:import:javaPreCompileDebug
> Task :feature:settings:javaPreCompileDebug
> Task :core:model:generateDebugRFile
> Task :feature:draw:compileDebugLibraryResources
> Task :feature:session:javaPreCompileDebug
> Task :feature:settings:processDebugManifest
> Task :feature:draw:parseDebugLocalResources
> Task :feature:session:parseDebugLocalResources
> Task :app:mapDebugSourceSetPaths
> Task :feature:draw:javaPreCompileDebug
> Task :app:parseDebugLocalResources
> Task :feature:draw:generateDebugRFile
> Task :feature:library:javaPreCompileDebug
> Task :feature:session:generateDebugRFile
> Task :core:data:javaPreCompileDebug
> Task :app:processDebugMainManifest
> Task :app:processDebugManifest
> Task :app:processDebugManifestForPackage
> Task :core:model:compileDebugKotlin
> Task :core:model:compileDebugJavaWithJavac NO-SOURCE
> Task :core:model:bundleLibRuntimeToJarDebug UP-TO-DATE
> Task :core:model:bundleLibCompileToJarDebug
> Task :core:ui:compileDebugKotlin
> Task :core:ui:compileDebugJavaWithJavac NO-SOURCE
> Task :core:ui:bundleLibRuntimeToJarDebug UP-TO-DATE
> Task :core:ui:bundleLibCompileToJarDebug
> Task :core:domain:kspDebugKotlin
> Task :app:mergeDebugResources
> Task :app:processDebugResources
> Task :core:domain:compileDebugKotlin
> Task :core:domain:compileDebugJavaWithJavac
> Task :core:domain:bundleLibCompileToJarDebug
> Task :core:domain:bundleLibRuntimeToJarDebug
> Task :feature:settings:kspDebugKotlin
> Task :feature:import:kspDebugKotlin
> Task :feature:library:kspDebugKotlin
> Task :feature:session:kspDebugKotlin
> Task :feature:deck:kspDebugKotlin
> Task :feature:tables:kspDebugKotlin
> Task :feature:import:compileDebugKotlin

> Task :feature:library:compileDebugKotlin
w: file:///I:/TTRPG/Visuales/Decks/Deckapp/feature/library/src/main/kotlin/com/deckapp/feature/library/LibraryViewModel.kt:77:18 This declaration needs opt-in. Its usage should be marked with '@kotlinx.coroutines.ExperimentalCoroutinesApi' or '@OptIn(kotlinx.coroutines.ExperimentalCoroutinesApi::class)'

> Task :feature:session:compileDebugKotlin
> Task :feature:settings:compileDebugKotlin
> Task :feature:import:compileDebugJavaWithJavac
> Task :feature:session:compileDebugJavaWithJavac
> Task :feature:library:compileDebugJavaWithJavac
> Task :feature:settings:compileDebugJavaWithJavac
> Task :feature:import:transformDebugClassesWithAsm
> Task :feature:import:bundleLibCompileToJarDebug
> Task :feature:settings:transformDebugClassesWithAsm
> Task :feature:settings:bundleLibCompileToJarDebug

> Task :feature:deck:compileDebugKotlin
w: file:///I:/TTRPG/Visuales/Decks/Deckapp/feature/deck/src/main/kotlin/com/deckapp/feature/deck/CardViewScreen.kt:338:46 Java type mismatch: inferred type is 'kotlin.String?', but 'kotlin.String' was expected.
w: file:///I:/TTRPG/Visuales/Decks/Deckapp/feature/deck/src/main/kotlin/com/deckapp/feature/deck/DeckDetailScreen.kt:552:58 Java type mismatch: inferred type is 'kotlin.String?', but 'kotlin.String' was expected.

> Task :feature:library:transformDebugClassesWithAsm
> Task :feature:library:bundleLibCompileToJarDebug
> Task :feature:session:transformDebugClassesWithAsm
> Task :feature:session:bundleLibCompileToJarDebug
> Task :feature:deck:compileDebugJavaWithJavac
> Task :feature:deck:transformDebugClassesWithAsm
> Task :feature:deck:bundleLibCompileToJarDebug
> Task :feature:tables:compileDebugKotlin
> Task :core:data:kspDebugKotlin
> Task :feature:tables:compileDebugJavaWithJavac
> Task :core:data:compileDebugKotlin
> Task :feature:tables:transformDebugClassesWithAsm
> Task :feature:tables:bundleLibCompileToJarDebug
> Task :feature:tables:bundleLibRuntimeToJarDebug
> Task :core:data:compileDebugJavaWithJavac
> Task :feature:draw:kspDebugKotlin
> Task :core:data:transformDebugClassesWithAsm
> Task :core:data:bundleLibCompileToJarDebug

> Task :feature:draw:compileDebugKotlin
w: file:///I:/TTRPG/Visuales/Decks/Deckapp/feature/draw/src/main/kotlin/com/deckapp/feature/draw/SessionViewModel.kt:111:18 This declaration needs opt-in. Its usage should be marked with '@kotlinx.coroutines.ExperimentalCoroutinesApi' or '@OptIn(kotlinx.coroutines.ExperimentalCoroutinesApi::class)'

> Task :feature:draw:compileDebugJavaWithJavac
> Task :feature:draw:transformDebugClassesWithAsm
> Task :feature:draw:bundleLibCompileToJarDebug
> Task :app:kspDebugKotlin
> Task :app:compileDebugKotlin

BUILD SUCCESSFUL in 59s
190 actionable tasks: 169 executed, 21 up-to-date
Configuration cache entry reused.
