Reusing configuration cache.
> Task :feature:draw:preBuild UP-TO-DATE
> Task :feature:settings:preBuild UP-TO-DATE
> Task :app:checkKotlinGradlePluginConfigurationErrors SKIPPED
> Task :core:data:preBuild UP-TO-DATE
> Task :core:domain:preBuild UP-TO-DATE
> Task :feature:import:preBuild UP-TO-DATE
> Task :feature:library:preBuild UP-TO-DATE
> Task :app:preBuild UP-TO-DATE
> Task :core:data:preDebugBuild UP-TO-DATE
> Task :app:preDebugBuild UP-TO-DATE
> Task :core:ui:preBuild UP-TO-DATE
> Task :core:ui:preDebugBuild UP-TO-DATE
> Task :feature:tables:preBuild UP-TO-DATE
> Task :feature:library:preDebugBuild UP-TO-DATE
> Task :feature:session:preBuild UP-TO-DATE
> Task :feature:session:preDebugBuild UP-TO-DATE
> Task :feature:import:preDebugBuild UP-TO-DATE
> Task :core:data:writeDebugAarMetadata UP-TO-DATE
> Task :feature:library:writeDebugAarMetadata UP-TO-DATE
> Task :app:mergeDebugNativeDebugMetadata NO-SOURCE
> Task :core:model:preBuild UP-TO-DATE
> Task :core:model:preDebugBuild UP-TO-DATE
> Task :feature:deck:preBuild UP-TO-DATE
> Task :feature:deck:preDebugBuild UP-TO-DATE
> Task :feature:session:writeDebugAarMetadata UP-TO-DATE
> Task :feature:deck:writeDebugAarMetadata UP-TO-DATE
> Task :feature:import:writeDebugAarMetadata UP-TO-DATE
> Task :core:model:processDebugNavigationResources UP-TO-DATE
> Task :core:data:processDebugNavigationResources UP-TO-DATE
> Task :core:ui:processDebugNavigationResources UP-TO-DATE
> Task :feature:deck:processDebugNavigationResources UP-TO-DATE
> Task :feature:import:processDebugNavigationResources UP-TO-DATE
> Task :feature:session:processDebugNavigationResources UP-TO-DATE
> Task :feature:library:processDebugNavigationResources UP-TO-DATE
> Task :feature:draw:preDebugBuild UP-TO-DATE
> Task :core:ui:writeDebugAarMetadata UP-TO-DATE
> Task :app:generateDebugResValues UP-TO-DATE
> Task :feature:settings:preDebugBuild UP-TO-DATE
> Task :feature:tables:preDebugBuild UP-TO-DATE
> Task :core:domain:preDebugBuild UP-TO-DATE
> Task :core:data:generateDebugResValues UP-TO-DATE
> Task :feature:tables:writeDebugAarMetadata UP-TO-DATE
> Task :feature:settings:processDebugNavigationResources UP-TO-DATE
> Task :core:model:writeDebugAarMetadata UP-TO-DATE
> Task :feature:tables:processDebugNavigationResources UP-TO-DATE
> Task :feature:draw:writeDebugAarMetadata UP-TO-DATE
> Task :core:data:generateDebugResources UP-TO-DATE
> Task :core:ui:generateDebugResValues UP-TO-DATE
> Task :feature:draw:processDebugNavigationResources UP-TO-DATE
> Task :core:domain:writeDebugAarMetadata UP-TO-DATE
> Task :core:domain:generateDebugResValues UP-TO-DATE
> Task :feature:settings:writeDebugAarMetadata UP-TO-DATE
> Task :core:domain:processDebugNavigationResources UP-TO-DATE
> Task :core:model:generateDebugResValues UP-TO-DATE
> Task :feature:import:generateDebugResValues UP-TO-DATE
> Task :feature:draw:generateDebugResValues UP-TO-DATE
> Task :core:model:generateDebugResources UP-TO-DATE
> Task :feature:import:generateDebugResources UP-TO-DATE
> Task :feature:draw:generateDebugResources UP-TO-DATE
> Task :feature:deck:generateDebugResValues UP-TO-DATE
> Task :core:domain:generateDebugResources UP-TO-DATE
> Task :feature:deck:generateDebugResources UP-TO-DATE
> Task :feature:import:packageDebugResources UP-TO-DATE
> Task :feature:settings:generateDebugResValues UP-TO-DATE
> Task :core:domain:packageDebugResources UP-TO-DATE
> Task :feature:settings:generateDebugResources UP-TO-DATE
> Task :feature:deck:packageDebugResources UP-TO-DATE
> Task :feature:draw:packageDebugResources UP-TO-DATE
> Task :feature:tables:generateDebugResValues UP-TO-DATE
> Task :feature:library:generateDebugResValues UP-TO-DATE
> Task :app:generateDebugResources UP-TO-DATE
> Task :feature:library:generateDebugResources UP-TO-DATE
> Task :app:checkDebugAarMetadata UP-TO-DATE
> Task :core:ui:generateDebugResources UP-TO-DATE
> Task :app:createDebugCompatibleScreenManifests UP-TO-DATE
> Task :app:extractDeepLinksDebug UP-TO-DATE
> Task :feature:session:generateDebugResValues UP-TO-DATE
> Task :feature:tables:generateDebugResources UP-TO-DATE
> Task :core:data:extractDeepLinksDebug UP-TO-DATE
> Task :feature:settings:packageDebugResources UP-TO-DATE
> Task :core:data:processDebugManifest UP-TO-DATE
> Task :core:ui:packageDebugResources UP-TO-DATE
> Task :app:packageDebugResources UP-TO-DATE
> Task :app:processDebugNavigationResources UP-TO-DATE
> Task :core:domain:extractDeepLinksDebug UP-TO-DATE
> Task :core:model:extractDeepLinksDebug UP-TO-DATE
> Task :core:ui:extractDeepLinksDebug UP-TO-DATE
> Task :app:parseDebugLocalResources UP-TO-DATE
> Task :core:data:packageDebugResources UP-TO-DATE
> Task :core:model:packageDebugResources UP-TO-DATE
> Task :feature:session:generateDebugResources UP-TO-DATE
> Task :core:domain:processDebugManifest UP-TO-DATE
> Task :app:compileDebugNavigationResources UP-TO-DATE
> Task :feature:deck:extractDeepLinksDebug UP-TO-DATE
> Task :feature:import:extractDeepLinksDebug UP-TO-DATE
> Task :feature:draw:extractDeepLinksDebug UP-TO-DATE
> Task :core:model:processDebugManifest UP-TO-DATE
> Task :feature:library:packageDebugResources UP-TO-DATE
> Task :feature:tables:packageDebugResources UP-TO-DATE
> Task :core:ui:processDebugManifest UP-TO-DATE
> Task :feature:deck:processDebugManifest UP-TO-DATE
> Task :feature:session:extractDeepLinksDebug UP-TO-DATE
> Task :feature:library:extractDeepLinksDebug UP-TO-DATE
> Task :feature:session:packageDebugResources UP-TO-DATE
> Task :feature:settings:extractDeepLinksDebug UP-TO-DATE
> Task :feature:draw:processDebugManifest UP-TO-DATE
> Task :feature:import:processDebugManifest UP-TO-DATE
> Task :feature:tables:extractDeepLinksDebug UP-TO-DATE
> Task :core:data:compileDebugLibraryResources UP-TO-DATE
> Task :core:domain:compileDebugLibraryResources UP-TO-DATE
> Task :core:data:parseDebugLocalResources UP-TO-DATE
> Task :feature:library:processDebugManifest UP-TO-DATE
> Task :core:model:compileDebugLibraryResources UP-TO-DATE
> Task :core:domain:parseDebugLocalResources UP-TO-DATE
> Task :core:model:parseDebugLocalResources UP-TO-DATE
> Task :core:ui:parseDebugLocalResources UP-TO-DATE
> Task :feature:session:processDebugManifest UP-TO-DATE
> Task :feature:tables:processDebugManifest UP-TO-DATE
> Task :feature:settings:processDebugManifest UP-TO-DATE
> Task :feature:deck:compileDebugLibraryResources UP-TO-DATE
> Task :core:ui:compileDebugLibraryResources UP-TO-DATE
> Task :feature:draw:compileDebugLibraryResources UP-TO-DATE
> Task :feature:deck:parseDebugLocalResources UP-TO-DATE
> Task :app:mapDebugSourceSetPaths UP-TO-DATE
> Task :feature:draw:parseDebugLocalResources UP-TO-DATE
> Task :feature:import:compileDebugLibraryResources UP-TO-DATE
> Task :feature:import:parseDebugLocalResources UP-TO-DATE
> Task :feature:library:compileDebugLibraryResources UP-TO-DATE
> Task :feature:library:parseDebugLocalResources UP-TO-DATE
> Task :core:data:generateDebugRFile UP-TO-DATE
> Task :core:model:generateDebugRFile UP-TO-DATE
> Task :feature:session:compileDebugLibraryResources UP-TO-DATE
> Task :core:ui:generateDebugRFile UP-TO-DATE
> Task :core:domain:generateDebugRFile UP-TO-DATE
> Task :core:data:checkKotlinGradlePluginConfigurationErrors SKIPPED
> Task :core:domain:checkKotlinGradlePluginConfigurationErrors SKIPPED
> Task :core:model:checkKotlinGradlePluginConfigurationErrors SKIPPED
> Task :feature:session:parseDebugLocalResources UP-TO-DATE
> Task :feature:deck:generateDebugRFile UP-TO-DATE
> Task :feature:tables:parseDebugLocalResources UP-TO-DATE
> Task :feature:tables:compileDebugLibraryResources UP-TO-DATE
> Task :feature:settings:compileDebugLibraryResources UP-TO-DATE
> Task :app:processDebugMainManifest UP-TO-DATE
> Task :app:mergeDebugResources UP-TO-DATE
> Task :feature:draw:generateDebugRFile UP-TO-DATE
> Task :feature:import:generateDebugRFile UP-TO-DATE
> Task :core:domain:javaPreCompileDebug UP-TO-DATE
> Task :feature:library:generateDebugRFile UP-TO-DATE
> Task :core:data:javaPreCompileDebug UP-TO-DATE
> Task :feature:settings:parseDebugLocalResources UP-TO-DATE
> Task :feature:deck:checkKotlinGradlePluginConfigurationErrors SKIPPED
> Task :core:ui:javaPreCompileDebug UP-TO-DATE
> Task :feature:session:generateDebugRFile UP-TO-DATE
> Task :feature:draw:checkKotlinGradlePluginConfigurationErrors SKIPPED
> Task :feature:tables:javaPreCompileDebug UP-TO-DATE
> Task :feature:deck:javaPreCompileDebug UP-TO-DATE
> Task :feature:settings:generateDebugRFile UP-TO-DATE
> Task :core:model:compileDebugKotlin UP-TO-DATE
> Task :feature:import:checkKotlinGradlePluginConfigurationErrors SKIPPED
> Task :feature:library:checkKotlinGradlePluginConfigurationErrors SKIPPED
> Task :feature:session:checkKotlinGradlePluginConfigurationErrors SKIPPED
> Task :feature:library:javaPreCompileDebug UP-TO-DATE
> Task :feature:settings:checkKotlinGradlePluginConfigurationErrors SKIPPED
> Task :feature:session:javaPreCompileDebug UP-TO-DATE
> Task :core:model:javaPreCompileDebug UP-TO-DATE
> Task :feature:draw:javaPreCompileDebug UP-TO-DATE
> Task :feature:tables:checkKotlinGradlePluginConfigurationErrors SKIPPED
> Task :feature:import:javaPreCompileDebug UP-TO-DATE
> Task :core:ui:checkKotlinGradlePluginConfigurationErrors SKIPPED
> Task :app:processDebugManifest UP-TO-DATE
> Task :app:javaPreCompileDebug UP-TO-DATE
> Task :app:mergeDebugShaders UP-TO-DATE
> Task :core:model:compileDebugJavaWithJavac NO-SOURCE
> Task :core:data:mergeDebugShaders UP-TO-DATE
> Task :feature:settings:javaPreCompileDebug UP-TO-DATE
> Task :core:domain:mergeDebugShaders UP-TO-DATE
> Task :core:model:mergeDebugShaders UP-TO-DATE
> Task :core:ui:mergeDebugShaders UP-TO-DATE
> Task :app:processDebugManifestForPackage UP-TO-DATE
> Task :core:model:bundleLibRuntimeToJarDebug UP-TO-DATE
> Task :app:compileDebugShaders NO-SOURCE
> Task :app:generateDebugAssets UP-TO-DATE
> Task :feature:tables:generateDebugRFile UP-TO-DATE
> Task :feature:library:mergeDebugShaders UP-TO-DATE
> Task :core:domain:compileDebugShaders NO-SOURCE
> Task :feature:import:mergeDebugShaders UP-TO-DATE
> Task :core:model:bundleLibCompileToJarDebug UP-TO-DATE
> Task :feature:draw:mergeDebugShaders UP-TO-DATE
> Task :core:ui:compileDebugShaders NO-SOURCE
> Task :feature:library:compileDebugShaders NO-SOURCE
> Task :core:ui:generateDebugAssets UP-TO-DATE
> Task :core:ui:mergeDebugAssets UP-TO-DATE
> Task :feature:library:generateDebugAssets UP-TO-DATE
> Task :core:data:compileDebugShaders NO-SOURCE
> Task :feature:deck:mergeDebugShaders UP-TO-DATE
> Task :core:domain:generateDebugAssets UP-TO-DATE
> Task :feature:draw:compileDebugShaders NO-SOURCE
> Task :feature:import:compileDebugShaders NO-SOURCE
> Task :feature:draw:generateDebugAssets UP-TO-DATE
> Task :core:model:compileDebugShaders NO-SOURCE
> Task :feature:library:mergeDebugAssets UP-TO-DATE
> Task :feature:deck:compileDebugShaders NO-SOURCE
> Task :feature:deck:generateDebugAssets UP-TO-DATE
> Task :core:domain:mergeDebugAssets UP-TO-DATE
> Task :feature:import:generateDebugAssets UP-TO-DATE
> Task :feature:session:mergeDebugShaders UP-TO-DATE
> Task :feature:tables:mergeDebugShaders UP-TO-DATE
> Task :feature:draw:mergeDebugAssets UP-TO-DATE
> Task :feature:settings:mergeDebugShaders UP-TO-DATE
> Task :feature:deck:mergeDebugAssets UP-TO-DATE
> Task :feature:import:mergeDebugAssets UP-TO-DATE
> Task :core:model:generateDebugAssets UP-TO-DATE
> Task :feature:settings:compileDebugShaders NO-SOURCE
> Task :core:ui:compileDebugKotlin UP-TO-DATE
> Task :feature:settings:generateDebugAssets UP-TO-DATE
> Task :feature:session:compileDebugShaders NO-SOURCE
> Task :core:ui:compileDebugJavaWithJavac NO-SOURCE
> Task :feature:session:generateDebugAssets UP-TO-DATE
> Task :core:data:generateDebugAssets UP-TO-DATE
> Task :feature:tables:compileDebugShaders NO-SOURCE
> Task :core:model:mergeDebugAssets UP-TO-DATE
> Task :app:desugarDebugFileDependencies UP-TO-DATE
> Task :core:ui:bundleLibRuntimeToJarDebug UP-TO-DATE
> Task :core:data:mergeDebugAssets UP-TO-DATE
> Task :feature:session:mergeDebugAssets UP-TO-DATE
> Task :feature:tables:generateDebugAssets UP-TO-DATE
> Task :feature:settings:mergeDebugAssets UP-TO-DATE
> Task :feature:tables:mergeDebugAssets UP-TO-DATE
> Task :core:ui:bundleLibCompileToJarDebug UP-TO-DATE
> Task :core:ui:bundleLibRuntimeToDirDebug UP-TO-DATE
> Task :core:model:bundleLibRuntimeToDirDebug UP-TO-DATE
> Task :core:data:mergeDebugJniLibFolders UP-TO-DATE
> Task :core:data:mergeDebugNativeLibs NO-SOURCE
> Task :core:model:processDebugJavaRes UP-TO-DATE
> Task :core:domain:mergeDebugJniLibFolders UP-TO-DATE
> Task :core:domain:mergeDebugNativeLibs NO-SOURCE
> Task :app:mergeDebugJniLibFolders UP-TO-DATE
> Task :core:ui:processDebugJavaRes UP-TO-DATE
> Task :core:data:copyDebugJniLibsProjectOnly UP-TO-DATE
> Task :core:model:mergeDebugJniLibFolders UP-TO-DATE
> Task :feature:deck:mergeDebugJniLibFolders UP-TO-DATE
> Task :core:ui:mergeDebugJniLibFolders UP-TO-DATE
> Task :core:domain:copyDebugJniLibsProjectOnly UP-TO-DATE
> Task :core:domain:kspDebugKotlin UP-TO-DATE
> Task :feature:draw:mergeDebugJniLibFolders UP-TO-DATE
> Task :core:model:mergeDebugNativeLibs NO-SOURCE
> Task :feature:library:mergeDebugJniLibFolders UP-TO-DATE
> Task :feature:deck:mergeDebugNativeLibs NO-SOURCE
> Task :feature:library:mergeDebugNativeLibs NO-SOURCE
> Task :core:ui:mergeDebugNativeLibs NO-SOURCE
> Task :feature:import:mergeDebugJniLibFolders UP-TO-DATE
> Task :feature:session:mergeDebugJniLibFolders UP-TO-DATE
> Task :feature:settings:mergeDebugJniLibFolders UP-TO-DATE
> Task :feature:deck:copyDebugJniLibsProjectOnly UP-TO-DATE
> Task :feature:draw:mergeDebugNativeLibs NO-SOURCE
> Task :feature:settings:mergeDebugNativeLibs NO-SOURCE
> Task :feature:library:copyDebugJniLibsProjectOnly UP-TO-DATE
> Task :core:model:copyDebugJniLibsProjectOnly UP-TO-DATE
> Task :app:mergeDebugAssets UP-TO-DATE
> Task :feature:draw:copyDebugJniLibsProjectOnly UP-TO-DATE
> Task :feature:session:mergeDebugNativeLibs NO-SOURCE
> Task :feature:settings:copyDebugJniLibsProjectOnly UP-TO-DATE
> Task :feature:import:mergeDebugNativeLibs NO-SOURCE
> Task :app:writeDebugAppMetadata UP-TO-DATE
> Task :app:writeDebugSigningConfigVersions UP-TO-DATE
> Task :app:validateSigningDebug UP-TO-DATE
> Task :core:ui:copyDebugJniLibsProjectOnly UP-TO-DATE
> Task :app:compressDebugAssets UP-TO-DATE
> Task :feature:tables:mergeDebugJniLibFolders UP-TO-DATE
> Task :feature:session:copyDebugJniLibsProjectOnly UP-TO-DATE
> Task :core:data:stripDebugDebugSymbols NO-SOURCE
> Task :feature:tables:mergeDebugNativeLibs NO-SOURCE
> Task :feature:import:copyDebugJniLibsProjectOnly UP-TO-DATE
> Task :core:domain:stripDebugDebugSymbols NO-SOURCE
> Task :app:checkDebugDuplicateClasses UP-TO-DATE
> Task :core:data:checkDebugAarMetadata UP-TO-DATE
> Task :core:data:extractDeepLinksForAarDebug UP-TO-DATE
> Task :core:domain:extractDeepLinksForAarDebug UP-TO-DATE
> Task :core:data:prepareLintJarForPublish UP-TO-DATE
> Task :core:data:prepareDebugArtProfile UP-TO-DATE
> Task :core:model:stripDebugDebugSymbols NO-SOURCE
> Task :core:domain:prepareDebugArtProfile UP-TO-DATE
> Task :core:domain:prepareLintJarForPublish UP-TO-DATE
> Task :core:data:copyDebugJniLibsProjectAndLocalJars UP-TO-DATE
> Task :core:domain:copyDebugJniLibsProjectAndLocalJars UP-TO-DATE
> Task :core:model:checkDebugAarMetadata UP-TO-DATE
> Task :core:model:extractDeepLinksForAarDebug UP-TO-DATE
> Task :core:model:mergeDebugGeneratedProguardFiles UP-TO-DATE
> Task :core:model:prepareLintJarForPublish UP-TO-DATE
> Task :core:model:prepareDebugArtProfile UP-TO-DATE
> Task :core:ui:stripDebugDebugSymbols NO-SOURCE
> Task :core:model:mergeDebugConsumerProguardFiles UP-TO-DATE
> Task :core:domain:checkDebugAarMetadata UP-TO-DATE
> Task :core:ui:extractDeepLinksForAarDebug UP-TO-DATE
> Task :core:ui:mergeDebugGeneratedProguardFiles UP-TO-DATE
> Task :core:ui:prepareDebugArtProfile UP-TO-DATE
> Task :core:model:copyDebugJniLibsProjectAndLocalJars UP-TO-DATE
> Task :core:ui:prepareLintJarForPublish UP-TO-DATE
> Task :core:ui:mergeDebugConsumerProguardFiles UP-TO-DATE
> Task :core:model:extractDebugAnnotations UP-TO-DATE
> Task :core:ui:copyDebugJniLibsProjectAndLocalJars UP-TO-DATE
> Task :core:ui:extractDebugAnnotations UP-TO-DATE
> Task :core:ui:checkDebugAarMetadata UP-TO-DATE
> Task :feature:deck:stripDebugDebugSymbols NO-SOURCE
> Task :core:domain:compileDebugKotlin UP-TO-DATE
> Task :app:processDebugResources UP-TO-DATE
> Task :feature:deck:extractDeepLinksForAarDebug UP-TO-DATE
> Task :core:model:mergeDebugJavaResource UP-TO-DATE
> Task :app:mergeExtDexDebug UP-TO-DATE
> Task :feature:deck:copyDebugJniLibsProjectAndLocalJars UP-TO-DATE
> Task :feature:deck:prepareDebugArtProfile UP-TO-DATE
> Task :feature:draw:stripDebugDebugSymbols NO-SOURCE
> Task :core:ui:mergeDebugJavaResource UP-TO-DATE
> Task :feature:draw:extractDeepLinksForAarDebug UP-TO-DATE
> Task :feature:draw:prepareLintJarForPublish UP-TO-DATE
> Task :feature:deck:prepareLintJarForPublish UP-TO-DATE
> Task :feature:deck:checkDebugAarMetadata UP-TO-DATE
> Task :feature:draw:copyDebugJniLibsProjectAndLocalJars UP-TO-DATE
> Task :feature:tables:copyDebugJniLibsProjectOnly UP-TO-DATE
> Task :core:domain:processDebugJavaRes UP-TO-DATE
> Task :core:model:syncDebugLibJars UP-TO-DATE
> Task :core:ui:syncDebugLibJars UP-TO-DATE
> Task :core:domain:compileDebugJavaWithJavac UP-TO-DATE
> Task :feature:import:stripDebugDebugSymbols NO-SOURCE
> Task :feature:import:prepareDebugArtProfile UP-TO-DATE
> Task :core:domain:extractDebugAnnotations UP-TO-DATE
> Task :core:ui:bundleDebugAar UP-TO-DATE
> Task :core:ui:assembleDebug UP-TO-DATE
> Task :feature:import:extractDeepLinksForAarDebug UP-TO-DATE
> Task :core:model:bundleDebugAar UP-TO-DATE
> Task :core:domain:mergeDebugJavaResource UP-TO-DATE
> Task :core:domain:bundleLibRuntimeToDirDebug UP-TO-DATE
> Task :core:domain:bundleLibRuntimeToJarDebug UP-TO-DATE
> Task :feature:import:copyDebugJniLibsProjectAndLocalJars UP-TO-DATE
> Task :core:domain:bundleLibCompileToJarDebug UP-TO-DATE
> Task :core:model:assembleDebug UP-TO-DATE
> Task :feature:import:prepareLintJarForPublish UP-TO-DATE
> Task :core:domain:mergeDebugGeneratedProguardFiles UP-TO-DATE
> Task :core:domain:syncDebugLibJars UP-TO-DATE
> Task :feature:library:extractDeepLinksForAarDebug UP-TO-DATE
> Task :feature:library:stripDebugDebugSymbols NO-SOURCE
> Task :feature:draw:prepareDebugArtProfile UP-TO-DATE
> Task :feature:draw:checkDebugAarMetadata UP-TO-DATE
> Task :feature:import:checkDebugAarMetadata UP-TO-DATE
> Task :core:domain:mergeDebugConsumerProguardFiles UP-TO-DATE
> Task :feature:library:checkDebugAarMetadata UP-TO-DATE
> Task :feature:library:copyDebugJniLibsProjectAndLocalJars UP-TO-DATE
> Task :feature:library:prepareDebugArtProfile UP-TO-DATE
> Task :core:domain:bundleDebugAar UP-TO-DATE
> Task :core:domain:assembleDebug UP-TO-DATE
> Task :feature:session:stripDebugDebugSymbols NO-SOURCE
> Task :feature:library:prepareLintJarForPublish UP-TO-DATE
> Task :feature:session:extractDeepLinksForAarDebug UP-TO-DATE
> Task :feature:session:prepareDebugArtProfile UP-TO-DATE
> Task :app:mergeDebugNativeLibs UP-TO-DATE
> Task :feature:session:copyDebugJniLibsProjectAndLocalJars UP-TO-DATE
> Task :feature:session:prepareLintJarForPublish UP-TO-DATE
> Task :app:stripDebugDebugSymbols UP-TO-DATE
> Task :feature:settings:extractDeepLinksForAarDebug UP-TO-DATE
> Task :feature:settings:stripDebugDebugSymbols NO-SOURCE
> Task :feature:settings:prepareDebugArtProfile UP-TO-DATE
> Task :feature:settings:copyDebugJniLibsProjectAndLocalJars UP-TO-DATE
> Task :feature:settings:prepareLintJarForPublish UP-TO-DATE
> Task :feature:tables:extractDeepLinksForAarDebug UP-TO-DATE
> Task :feature:tables:stripDebugDebugSymbols NO-SOURCE
> Task :feature:tables:copyDebugJniLibsProjectAndLocalJars UP-TO-DATE
> Task :feature:tables:prepareDebugArtProfile UP-TO-DATE
> Task :feature:tables:prepareLintJarForPublish UP-TO-DATE
> Task :feature:tables:checkDebugAarMetadata UP-TO-DATE
> Task :feature:session:checkDebugAarMetadata UP-TO-DATE
> Task :feature:settings:checkDebugAarMetadata UP-TO-DATE
> Task :feature:settings:kspDebugKotlin UP-TO-DATE
> Task :feature:deck:kspDebugKotlin UP-TO-DATE
> Task :feature:tables:kspDebugKotlin UP-TO-DATE
> Task :feature:session:kspDebugKotlin UP-TO-DATE
> Task :feature:import:kspDebugKotlin UP-TO-DATE
> Task :feature:library:kspDebugKotlin UP-TO-DATE
> Task :feature:settings:compileDebugKotlin UP-TO-DATE
> Task :feature:settings:processDebugJavaRes UP-TO-DATE
> Task :feature:deck:compileDebugKotlin UP-TO-DATE
> Task :feature:tables:compileDebugKotlin UP-TO-DATE
> Task :feature:library:compileDebugKotlin UP-TO-DATE
> Task :feature:import:compileDebugKotlin UP-TO-DATE
> Task :feature:session:compileDebugKotlin UP-TO-DATE
> Task :feature:deck:processDebugJavaRes UP-TO-DATE
> Task :feature:settings:mergeDebugJavaResource UP-TO-DATE
> Task :feature:settings:compileDebugJavaWithJavac UP-TO-DATE
> Task :feature:deck:compileDebugJavaWithJavac UP-TO-DATE
> Task :feature:tables:processDebugJavaRes UP-TO-DATE
> Task :feature:tables:compileDebugJavaWithJavac UP-TO-DATE
> Task :feature:deck:extractDebugAnnotations UP-TO-DATE
> Task :feature:settings:extractDebugAnnotations UP-TO-DATE
> Task :feature:import:processDebugJavaRes UP-TO-DATE
> Task :feature:library:processDebugJavaRes UP-TO-DATE
> Task :feature:import:compileDebugJavaWithJavac UP-TO-DATE
> Task :feature:session:compileDebugJavaWithJavac UP-TO-DATE
> Task :feature:session:processDebugJavaRes UP-TO-DATE
> Task :feature:library:compileDebugJavaWithJavac UP-TO-DATE
> Task :feature:import:extractDebugAnnotations UP-TO-DATE
> Task :feature:deck:mergeDebugJavaResource UP-TO-DATE
> Task :feature:settings:transformDebugClassesWithAsm UP-TO-DATE
> Task :feature:import:mergeDebugJavaResource UP-TO-DATE
> Task :feature:deck:transformDebugClassesWithAsm UP-TO-DATE
> Task :feature:settings:bundleLibCompileToJarDebug UP-TO-DATE
> Task :feature:tables:transformDebugClassesWithAsm UP-TO-DATE
> Task :feature:library:mergeDebugJavaResource UP-TO-DATE
> Task :feature:session:mergeDebugJavaResource UP-TO-DATE
> Task :feature:library:extractDebugAnnotations UP-TO-DATE
> Task :feature:deck:bundleLibCompileToJarDebug UP-TO-DATE
> Task :feature:deck:bundleLibRuntimeToJarDebug UP-TO-DATE
> Task :feature:tables:bundleLibRuntimeToJarDebug UP-TO-DATE
> Task :feature:settings:bundleLibRuntimeToJarDebug UP-TO-DATE
> Task :feature:tables:bundleLibCompileToJarDebug UP-TO-DATE
> Task :feature:session:extractDebugAnnotations UP-TO-DATE
> Task :feature:deck:bundleLibRuntimeToDirDebug UP-TO-DATE
> Task :feature:tables:bundleLibRuntimeToDirDebug UP-TO-DATE
> Task :feature:settings:bundleLibRuntimeToDirDebug UP-TO-DATE
> Task :feature:deck:mergeDebugGeneratedProguardFiles UP-TO-DATE
> Task :feature:deck:mergeDebugConsumerProguardFiles UP-TO-DATE
> Task :feature:session:transformDebugClassesWithAsm UP-TO-DATE
> Task :feature:import:transformDebugClassesWithAsm UP-TO-DATE
> Task :feature:library:transformDebugClassesWithAsm UP-TO-DATE
> Task :feature:import:bundleLibCompileToJarDebug UP-TO-DATE
> Task :feature:session:bundleLibCompileToJarDebug UP-TO-DATE
> Task :feature:deck:syncDebugLibJars UP-TO-DATE
> Task :feature:session:bundleLibRuntimeToJarDebug UP-TO-DATE
> Task :feature:import:bundleLibRuntimeToJarDebug UP-TO-DATE
> Task :feature:library:bundleLibCompileToJarDebug UP-TO-DATE
> Task :feature:library:bundleLibRuntimeToDirDebug UP-TO-DATE
> Task :feature:library:bundleLibRuntimeToJarDebug UP-TO-DATE
> Task :feature:import:bundleLibRuntimeToDirDebug UP-TO-DATE
> Task :feature:import:mergeDebugGeneratedProguardFiles UP-TO-DATE
> Task :feature:deck:bundleDebugAar UP-TO-DATE
> Task :feature:deck:assembleDebug UP-TO-DATE
> Task :feature:import:mergeDebugConsumerProguardFiles UP-TO-DATE
> Task :feature:library:mergeDebugGeneratedProguardFiles UP-TO-DATE
> Task :feature:library:syncDebugLibJars UP-TO-DATE
> Task :feature:session:bundleLibRuntimeToDirDebug UP-TO-DATE
> Task :feature:library:mergeDebugConsumerProguardFiles UP-TO-DATE
> Task :feature:session:mergeDebugGeneratedProguardFiles UP-TO-DATE
> Task :feature:session:syncDebugLibJars UP-TO-DATE
> Task :feature:library:bundleDebugAar UP-TO-DATE
> Task :feature:import:syncDebugLibJars UP-TO-DATE
> Task :feature:session:mergeDebugConsumerProguardFiles UP-TO-DATE
> Task :feature:library:assembleDebug UP-TO-DATE
> Task :feature:settings:mergeDebugGeneratedProguardFiles UP-TO-DATE
> Task :feature:session:bundleDebugAar UP-TO-DATE
> Task :feature:import:bundleDebugAar UP-TO-DATE
> Task :feature:tables:mergeDebugGeneratedProguardFiles UP-TO-DATE
> Task :feature:session:assembleDebug UP-TO-DATE
> Task :feature:import:assembleDebug UP-TO-DATE
> Task :feature:tables:mergeDebugConsumerProguardFiles UP-TO-DATE
> Task :feature:settings:syncDebugLibJars UP-TO-DATE
> Task :feature:settings:mergeDebugConsumerProguardFiles UP-TO-DATE
> Task :feature:tables:mergeDebugJavaResource UP-TO-DATE
> Task :feature:settings:bundleDebugAar UP-TO-DATE
> Task :feature:settings:assembleDebug UP-TO-DATE
> Task :feature:tables:extractDebugAnnotations UP-TO-DATE
> Task :feature:tables:syncDebugLibJars UP-TO-DATE
> Task :feature:tables:bundleDebugAar UP-TO-DATE
> Task :feature:tables:assembleDebug UP-TO-DATE
> Task :feature:draw:kspDebugKotlin UP-TO-DATE
> Task :feature:draw:compileDebugKotlin UP-TO-DATE
> Task :feature:draw:processDebugJavaRes UP-TO-DATE
> Task :feature:draw:mergeDebugJavaResource UP-TO-DATE
> Task :feature:draw:compileDebugJavaWithJavac UP-TO-DATE
> Task :feature:draw:extractDebugAnnotations UP-TO-DATE
> Task :feature:draw:transformDebugClassesWithAsm UP-TO-DATE
> Task :feature:draw:bundleLibCompileToJarDebug UP-TO-DATE
> Task :feature:draw:bundleLibRuntimeToDirDebug UP-TO-DATE
> Task :feature:draw:bundleLibRuntimeToJarDebug UP-TO-DATE
> Task :feature:draw:syncDebugLibJars UP-TO-DATE
> Task :feature:draw:mergeDebugGeneratedProguardFiles UP-TO-DATE
> Task :feature:draw:mergeDebugConsumerProguardFiles UP-TO-DATE
> Task :feature:draw:bundleDebugAar UP-TO-DATE
> Task :feature:draw:assembleDebug UP-TO-DATE
> Task :core:data:kspDebugKotlin
> Task :core:data:compileDebugKotlin
> Task :core:data:processDebugJavaRes UP-TO-DATE
> Task :core:data:mergeDebugJavaResource UP-TO-DATE
> Task :core:data:extractDebugAnnotations
> Task :core:data:compileDebugJavaWithJavac
> Task :core:data:transformDebugClassesWithAsm
> Task :core:data:mergeDebugGeneratedProguardFiles UP-TO-DATE
> Task :core:data:mergeDebugConsumerProguardFiles UP-TO-DATE
> Task :core:data:bundleLibRuntimeToDirDebug
> Task :core:data:bundleLibCompileToJarDebug
> Task :core:data:syncDebugLibJars
> Task :core:data:bundleLibRuntimeToJarDebug
> Task :core:data:bundleDebugAar
> Task :core:data:assembleDebug
> Task :app:mergeLibDexDebug
> Task :app:kspDebugKotlin
> Task :app:compileDebugKotlin UP-TO-DATE
> Task :app:compileDebugJavaWithJavac UP-TO-DATE
> Task :app:hiltAggregateDepsDebug UP-TO-DATE
> Task :app:hiltJavaCompileDebug
> Task :app:processDebugJavaRes UP-TO-DATE
> Task :app:mergeDebugJavaResource UP-TO-DATE
> Task :app:transformDebugClassesWithAsm
> Task :app:dexBuilderDebug
> Task :app:mergeDebugGlobalSynthetics UP-TO-DATE
> Task :app:mergeProjectDexDebug
> Task :app:packageDebug
> Task :app:assembleDebug
> Task :app:createDebugApkListingFileRedirect UP-TO-DATE

BUILD SUCCESSFUL in 25s
409 actionable tasks: 17 executed, 392 up-to-date
Configuration cache entry reused.
